The ``2-matrix_divided`` module
===============================

Using ``matrix_divided``
------------------------

Importing function from the file
>>> matrix_divided = __import__("2-matrix_divided").matrix_divided

>>> matrix_divided([[1,2,3],[4,5,6]], "Hello")
Traceback (most recent call last):
   ...
TypeError: div must be a number
>>> matrix_divided([[1,2,3],[4,5,"Hello Holberton"]], 3)
Traceback (most recent call last):
   ...
TypeError: matrix must be a matrix (list of lists) of integers/floats
>>> matrix_divided([[1,2,"Hello Holberton"],[4,5,3]], 3)
Traceback (most recent call last):
   ...
TypeError: matrix must be a matrix (list of lists) of integers/floats
>>> matrix_divided([[1,2,3]], 3)
[[0.33, 0.67, 1.0]]
>>> matrix_divided([[1,2,3],[4,5,6,5]], 3)
Traceback (most recent call last):
   ...
TypeError: Each row of the matrix must have the same size
>>> matrix_divided([[1,2,3],[4,5,6]], 3)
[[0.33, 0.67, 1.0], [1.33, 1.67, 2.0]]
>>> matrix_divided([], 3)
Traceback (most recent call last):
   ...
TypeError: Each row of the matrix must have the same size
>>> matrix_divided(1, 3)
Traceback (most recent call last):
   ...
TypeError: matrix must be a matrix (list of lists) of integers/floats
>>> matrix_divided([[3]], 3)
[[1.0]]
